nohup: ignoring input
Fetching 14 files:   0%|          | 0/14 [00:00<?, ?it/s]Fetching 14 files:   0%|          | 0/14 [00:00<?, ?it/s]
Traceback (most recent call last):
  File "/home/sadaf/traceability_experiments/Dataset_EA/.venv/lib/python3.12/site-packages/huggingface_hub/utils/_http.py", line 761, in hf_raise_for_status
    response.raise_for_status()
  File "/home/sadaf/traceability_experiments/Dataset_EA/.venv/lib/python3.12/site-packages/httpx/_models.py", line 829, in raise_for_status
    raise HTTPStatusError(message, request=request, response=self)
httpx.HTTPStatusError: Client error '401 Unauthorized' for url 'https://huggingface.co/google/gemma-2-9b-it/resolve/11c9b309abf73637e4b6f9a3fa1e92e615547819/.gitattributes'
For more information check: https://developer.mozilla.org/en-US/docs/Web/HTTP/Status/401

The above exception was the direct cause of the following exception:

Traceback (most recent call last):
  File "<string>", line 1, in <module>
  File "/home/sadaf/traceability_experiments/Dataset_EA/.venv/lib/python3.12/site-packages/huggingface_hub/utils/_validators.py", line 88, in _inner_fn
    return fn(*args, **kwargs)
           ^^^^^^^^^^^^^^^^^^^
  File "/home/sadaf/traceability_experiments/Dataset_EA/.venv/lib/python3.12/site-packages/huggingface_hub/_snapshot_download.py", line 455, in snapshot_download
    thread_map(
  File "/home/sadaf/traceability_experiments/Dataset_EA/.venv/lib/python3.12/site-packages/tqdm/contrib/concurrent.py", line 69, in thread_map
    return _executor_map(ThreadPoolExecutor, fn, *iterables, **tqdm_kwargs)
           ^^^^^^^^^^^^^^^^^^^^^^^^^^^^^^^^^^^^^^^^^^^^^^^^^^^^^^^^^^^^^^^^
  File "/home/sadaf/traceability_experiments/Dataset_EA/.venv/lib/python3.12/site-packages/tqdm/contrib/concurrent.py", line 51, in _executor_map
    return list(tqdm_class(ex.map(fn, *iterables, chunksize=chunksize), **kwargs))
           ^^^^^^^^^^^^^^^^^^^^^^^^^^^^^^^^^^^^^^^^^^^^^^^^^^^^^^^^^^^^^^^^^^^^^^^
  File "/home/sadaf/traceability_experiments/Dataset_EA/.venv/lib/python3.12/site-packages/tqdm/std.py", line 1181, in __iter__
    for obj in iterable:
  File "/usr/lib/python3.12/concurrent/futures/_base.py", line 619, in result_iterator
    yield _result_or_cancel(fs.pop())
          ^^^^^^^^^^^^^^^^^^^^^^^^^^^
  File "/usr/lib/python3.12/concurrent/futures/_base.py", line 317, in _result_or_cancel
    return fut.result(timeout)
           ^^^^^^^^^^^^^^^^^^^
  File "/usr/lib/python3.12/concurrent/futures/_base.py", line 456, in result
    return self.__get_result()
           ^^^^^^^^^^^^^^^^^^^
  File "/usr/lib/python3.12/concurrent/futures/_base.py", line 401, in __get_result
    raise self._exception
  File "/usr/lib/python3.12/concurrent/futures/thread.py", line 58, in run
    result = self.fn(*self.args, **self.kwargs)
             ^^^^^^^^^^^^^^^^^^^^^^^^^^^^^^^^^^
  File "/home/sadaf/traceability_experiments/Dataset_EA/.venv/lib/python3.12/site-packages/huggingface_hub/_snapshot_download.py", line 435, in _inner_hf_hub_download
    hf_hub_download(  # type: ignore
  File "/home/sadaf/traceability_experiments/Dataset_EA/.venv/lib/python3.12/site-packages/huggingface_hub/utils/_validators.py", line 88, in _inner_fn
    return fn(*args, **kwargs)
           ^^^^^^^^^^^^^^^^^^^
  File "/home/sadaf/traceability_experiments/Dataset_EA/.venv/lib/python3.12/site-packages/huggingface_hub/file_download.py", line 997, in hf_hub_download
    return _hf_hub_download_to_cache_dir(
           ^^^^^^^^^^^^^^^^^^^^^^^^^^^^^^
  File "/home/sadaf/traceability_experiments/Dataset_EA/.venv/lib/python3.12/site-packages/huggingface_hub/file_download.py", line 1148, in _hf_hub_download_to_cache_dir
    _raise_on_head_call_error(head_call_error, force_download, local_files_only)
  File "/home/sadaf/traceability_experiments/Dataset_EA/.venv/lib/python3.12/site-packages/huggingface_hub/file_download.py", line 1782, in _raise_on_head_call_error
    raise head_call_error
  File "/home/sadaf/traceability_experiments/Dataset_EA/.venv/lib/python3.12/site-packages/huggingface_hub/file_download.py", line 1669, in _get_metadata_or_catch_error
    metadata = get_hf_file_metadata(
               ^^^^^^^^^^^^^^^^^^^^^
  File "/home/sadaf/traceability_experiments/Dataset_EA/.venv/lib/python3.12/site-packages/huggingface_hub/utils/_validators.py", line 88, in _inner_fn
    return fn(*args, **kwargs)
           ^^^^^^^^^^^^^^^^^^^
  File "/home/sadaf/traceability_experiments/Dataset_EA/.venv/lib/python3.12/site-packages/huggingface_hub/file_download.py", line 1591, in get_hf_file_metadata
    response = _httpx_follow_relative_redirects_with_backoff(
               ^^^^^^^^^^^^^^^^^^^^^^^^^^^^^^^^^^^^^^^^^^^^^^
  File "/home/sadaf/traceability_experiments/Dataset_EA/.venv/lib/python3.12/site-packages/huggingface_hub/utils/_http.py", line 692, in _httpx_follow_relative_redirects_with_backoff
    hf_raise_for_status(response)
  File "/home/sadaf/traceability_experiments/Dataset_EA/.venv/lib/python3.12/site-packages/huggingface_hub/utils/_http.py", line 787, in hf_raise_for_status
    raise _format(GatedRepoError, message, response, repo_type=repo_type, repo_id=repo_id) from e
huggingface_hub.errors.GatedRepoError: 401 Client Error. (Request ID: Root=1-6aaa9a9b-0af022a2296b32ca5f407aa3;b6968489-a3ea-48a1-9a9d-789daedc0c10)

Cannot access gated repo for url https://huggingface.co/google/gemma-2-9b-it/resolve/11c9b309abf73637e4b6f9a3fa1e92e615547819/.gitattributes.
Access to model google/gemma-2-9b-it is restricted. You must have access to it and be authenticated to access it. Please log in.
