2026-09-15 17:07:16,642 | ERROR | Ministral QLoRA unbalanced preflight failed
Traceback (most recent call last):
  File "/home/sadaf/traceability_experiments/Dataset_EA/mistral_traceability/scripts/preflight_mistral_8b_qlora_unbalanced.py", line 194, in main
    train_records, train_audit = dataset_audit(
                                 ^^^^^^^^^^^^^^
  File "/home/sadaf/traceability_experiments/Dataset_EA/mistral_traceability/scripts/preflight_mistral_8b_qlora_unbalanced.py", line 105, in dataset_audit
    raise ValueError(
ValueError: train provenance mismatch for sha256: expected '8d9b86e4d3e7769ca1766fc39dd8fcb888502a07c4454226ce23a0617e9774a9', observed '36bcf24b7669d744e93b41449da8ea608bc87c72ea2663e9a842928f689dd34d'
2026-09-15 17:07:16,643 | INFO | Preflight report: /home/sadaf/traceability_experiments/Dataset_EA/mistral_traceability/results/mistral_8b_qlora_unbalanced/preflight/fold_01/preflight_report.json
2026-09-15 17:07:16,643 | INFO | Preflight status: failed
2026-09-15 17:13:27,852 | INFO | Dataset provenance checks passed
2026-09-15 17:13:27,852 | INFO | Train counts: {'path': 'data/qwen35_oversampling_10fold_cv/inner_splits/fold_01/inner_train.jsonl', 'records': 1528, 'trace': 613, 'no_trace': 915, 'other_labels': {}, 'sha256': '36bcf24b7669d744e93b41449da8ea608bc87c72ea2663e9a842928f689dd34d', 'raw_sha256': '36bcf24b7669d744e93b41449da8ea608bc87c72ea2663e9a842928f689dd34d'}
2026-09-15 17:13:27,853 | INFO | Validation counts: {'path': 'data/qwen35_oversampling_10fold_cv/inner_splits/fold_01/validation.jsonl', 'records': 170, 'trace': 68, 'no_trace': 102, 'other_labels': {}, 'sha256': 'c665db59d17a69f0fa56b1760eb0f46f3dd6ec396047b0ec6a7aae0bb7aaad4c', 'raw_sha256': 'c665db59d17a69f0fa56b1760eb0f46f3dd6ec396047b0ec6a7aae0bb7aaad4c'}
2026-09-15 17:13:27,853 | INFO | Test counts: {'path': 'mistral_traceability/data/folds/fold_01/test.jsonl', 'records': 189, 'trace': 76, 'no_trace': 113, 'other_labels': {}, 'sha256': '69d14e206beb6d32842297ad63e73ac55b412251a8a32c36cb03db7afbb50977', 'raw_sha256': '69d14e206beb6d32842297ad63e73ac55b412251a8a32c36cb03db7afbb50977'}
2026-09-15 17:13:27,853 | INFO | Hyperparameters: {'learning_rate': 5e-05, 'batch_size': 1, 'gradient_accumulation_steps': 8, 'effective_batch_size': 8, 'num_epochs': 2, 'warmup_steps': 20, 'max_grad_norm': 1.0, 'weight_decay': 0.01, 'max_length': 1024, 'bf16': True, 'gradient_checkpointing': True, 'seed': 42, 'dataloader_shuffle': False, 'eval_steps': 50, 'eval_samples': 100, 'save_steps': 100, 'save_total_limit': 3, 'logging_steps': 10, 'lora_r': 16, 'lora_alpha': 32, 'lora_dropout': 0.1, 'lora_target_modules_regex': '.*language_model\\.layers\\.\\d+\\.self_attn\\.(q_proj|k_proj|v_proj|o_proj)', 'quantization': {'load_in_4bit': True, 'quant_type': 'nf4', 'compute_dtype': 'bfloat16', 'double_quant': True}, 'prompt_protocol': 'exact_qwen35_exp08_pattern1_no_chat_template', 'loss_scope': 'full_prompt_and_label'}
2026-09-15 17:13:27,853 | INFO | GPU before load: {'free_mib': 23674.06, 'total_mib': 24082.88, 'global_used_mib': 408.81, 'process_allocated_mib': 0.0, 'process_reserved_mib': 0.0, 'process_peak_allocated_mib': 0.0, 'process_peak_reserved_mib': 0.0}
2026-09-15 17:13:31,848 | INFO | LoRA module count: 136
2026-09-15 17:13:31,848 | INFO | Trainable parameters: 14483456 / 5010835456 (0.289043%)
2026-09-15 17:13:32,764 | INFO | One longest-sequence optimizer step completed
2026-09-15 17:13:32,764 | INFO | Optimizer result: {'completed': True, 'raw_loss': 2.5137977600097656, 'scaled_loss': 0.3142247200012207, 'gradient_norm_before_clipping': 0.285304456949234, 'scheduler_total_steps': 382, 'learning_rate_after_step': 2.5e-06, 'adapter_saved': False}
2026-09-15 17:13:32,764 | INFO | GPU after step: {'free_mib': 13254.06, 'total_mib': 24082.88, 'global_used_mib': 10828.81, 'process_allocated_mib': 8501.14, 'process_reserved_mib': 10334.0, 'process_peak_allocated_mib': 9702.75, 'process_peak_reserved_mib': 10334.0}
2026-09-15 17:13:32,764 | INFO | Preflight report: /home/sadaf/traceability_experiments/Dataset_EA/mistral_traceability/results/mistral_8b_qlora_unbalanced/preflight/fold_01/preflight_report.json
2026-09-15 17:13:32,764 | INFO | Preflight status: passed
2026-09-15 17:20:13,950 | INFO | Dataset provenance checks passed
2026-09-15 17:20:13,950 | INFO | Train counts: {'path': 'data/qwen35_oversampling_10fold_cv/inner_splits/fold_01/inner_train.jsonl', 'records': 1528, 'trace': 613, 'no_trace': 915, 'other_labels': {}, 'sha256': '36bcf24b7669d744e93b41449da8ea608bc87c72ea2663e9a842928f689dd34d', 'raw_sha256': '36bcf24b7669d744e93b41449da8ea608bc87c72ea2663e9a842928f689dd34d'}
2026-09-15 17:20:13,950 | INFO | Validation counts: {'path': 'data/qwen35_oversampling_10fold_cv/inner_splits/fold_01/validation.jsonl', 'records': 170, 'trace': 68, 'no_trace': 102, 'other_labels': {}, 'sha256': 'c665db59d17a69f0fa56b1760eb0f46f3dd6ec396047b0ec6a7aae0bb7aaad4c', 'raw_sha256': 'c665db59d17a69f0fa56b1760eb0f46f3dd6ec396047b0ec6a7aae0bb7aaad4c'}
2026-09-15 17:20:13,950 | INFO | Test counts: {'path': 'mistral_traceability/data/folds/fold_01/test.jsonl', 'records': 189, 'trace': 76, 'no_trace': 113, 'other_labels': {}, 'sha256': '69d14e206beb6d32842297ad63e73ac55b412251a8a32c36cb03db7afbb50977', 'raw_sha256': '69d14e206beb6d32842297ad63e73ac55b412251a8a32c36cb03db7afbb50977'}
2026-09-15 17:20:13,950 | INFO | Hyperparameters: {'learning_rate': 5e-05, 'batch_size': 1, 'gradient_accumulation_steps': 8, 'effective_batch_size': 8, 'num_epochs': 2, 'warmup_steps': 20, 'max_grad_norm': 1.0, 'weight_decay': 0.01, 'max_length': 1024, 'bf16': True, 'gradient_checkpointing': True, 'gradient_checkpointing_use_reentrant': False, 'seed': 42, 'dataloader_shuffle': False, 'eval_steps': 50, 'eval_samples': 100, 'save_steps': 100, 'save_total_limit': 3, 'logging_steps': 10, 'lora_r': 16, 'lora_alpha': 32, 'lora_dropout': 0.1, 'lora_target_modules_regex': '.*language_model\\.layers\\.\\d+\\.self_attn\\.(q_proj|k_proj|v_proj|o_proj)', 'quantization': {'load_in_4bit': True, 'quant_type': 'nf4', 'compute_dtype': 'bfloat16', 'double_quant': True}, 'prompt_protocol': 'exact_qwen35_exp08_pattern1_no_chat_template', 'loss_scope': 'full_prompt_and_label', 'fix_mistral_regex': True}
2026-09-15 17:20:13,950 | INFO | GPU before load: {'free_mib': 23674.06, 'total_mib': 24082.88, 'global_used_mib': 408.81, 'process_allocated_mib': 0.0, 'process_reserved_mib': 0.0, 'process_peak_allocated_mib': 0.0, 'process_peak_reserved_mib': 0.0}
2026-09-15 17:20:17,984 | INFO | LoRA module count: 136
2026-09-15 17:20:17,984 | INFO | Trainable parameters: 14483456 / 5010835456 (0.289043%)
2026-09-15 17:20:18,800 | INFO | One longest-sequence optimizer step completed
2026-09-15 17:20:18,800 | INFO | Optimizer result: {'completed': True, 'raw_loss': 2.5179994106292725, 'scaled_loss': 0.31474992632865906, 'gradient_norm_before_clipping': 0.20795968174934387, 'scheduler_total_steps': 382, 'learning_rate_after_step': 2.5e-06, 'adapter_saved': False}
2026-09-15 17:20:18,800 | INFO | GPU after step: {'free_mib': 13254.06, 'total_mib': 24082.88, 'global_used_mib': 10828.81, 'process_allocated_mib': 8459.97, 'process_reserved_mib': 10334.0, 'process_peak_allocated_mib': 9502.04, 'process_peak_reserved_mib': 10334.0}
2026-09-15 17:20:18,801 | INFO | Preflight report: /home/sadaf/traceability_experiments/Dataset_EA/mistral_traceability/results/mistral_8b_qlora_unbalanced/preflight/fold_01/preflight_report.json
2026-09-15 17:20:18,801 | INFO | Preflight status: passed
